// Jest Snapshot v1, https://goo.gl/fbAQLP

exports[`Given the MatchCalendar component when rendered should render the correct snapshot 1`] = `
ShallowWrapper {
  "complexSelector": ComplexSelector {
    "buildPredicate": [Function],
    "childrenOfNode": [Function],
    "findWhereUnwrapped": [Function],
  },
  "length": 1,
  "node": <View>
    <Calendar />
</View>,
  "nodes": Array [
    <View>
      <Calendar />
</View>,
  ],
  "options": Object {},
  "renderer": ReactShallowRenderer {
    "_context": Object {},
    "_element": <MatchCalendar />,
    "_instance": null,
    "_newState": null,
    "_rendered": <View>
      <Calendar />
</View>,
    "_rendering": false,
    "_updater": Updater {
      "_renderer": [Circular],
    },
    "getRenderOutput": [Function],
    "render": [Function],
  },
  "root": [Circular],
  "unrendered": <MatchCalendar />,
}
`;
